// Jest Snapshot v1, https://goo.gl/fbAQLP

exports[`<Layout /> Render Layout 1`] = `
<div
  style={
    Object {
      "margin": "40px auto",
      "width": "80%",
    }
  }
>
  <AboutProject />
  <WithStyles(Divider)
    style={
      Object {
        "marginTop": "30px",
      }
    }
  />
  <AboutMe />
</div>
`;
