// Jest Snapshot v1, https://goo.gl/fbAQLP

exports[`<Summary Layout /> Render Layout 1`] = `
<div
  style={
    Object {
      "margin": "40px auto",
      "width": "80%",
    }
  }
>
  Looks like you have not uploaded any data yet. Make sure to upload csv from the Upload page first!
</div>
`;
